// Jest Snapshot v1, https://goo.gl/fbAQLP

exports[`parse 001. parse and generate: parse and generate 1`] = `
Array [
  "\\"A000000001\\",\\"1\\",\\"1\\",\\"B0000000000000000001\\",\\"C1\\",\\"1\\",\\"false\\",\\"1970-01-01 00:00:00\\",\\"1970-01-01\\",\\"0:0:1\\"",
  "\\"A000000002\\",\\"1.1\\",\\"2\\",\\"B0000000000000000002\\",\\"C2\\",\\"2\\",\\"true\\",\\"1970-01-02 00:00:00\\",\\"1970-01-02\\",\\"0:0:2\\"",
  "\\"A000000003\\",\\"1.2\\",\\"3\\",\\"B0000000000000000003\\",\\"C3\\",\\"3\\",\\"false\\",\\"1970-01-03 00:00:00\\",\\"1970-01-03\\",\\"0:0:3\\"",
  "\\"A000000004\\",\\"1.3\\",\\"4\\",\\"B0000000000000000004\\",\\"C4\\",\\"4\\",\\"true\\",\\"1970-01-04 00:00:00\\",\\"1970-01-04\\",\\"0:0:4\\"",
  "\\"A000000005\\",\\"1.4\\",\\"5\\",\\"B0000000000000000005\\",\\"C5\\",\\"5\\",\\"false\\",\\"1970-01-05 00:00:00\\",\\"1970-01-05\\",\\"0:0:5\\"",
  "\\"A000000006\\",\\"1.5\\",\\"6\\",\\"B0000000000000000006\\",\\"C6\\",\\"6\\",\\"true\\",\\"1970-01-06 00:00:00\\",\\"1970-01-06\\",\\"0:0:6\\"",
  "\\"A000000007\\",\\"1.6\\",\\"7\\",\\"B0000000000000000007\\",\\"C7\\",\\"7\\",\\"false\\",\\"1970-01-07 00:00:00\\",\\"1970-01-07\\",\\"0:0:7\\"",
  "\\"A000000008\\",\\"1.7\\",\\"8\\",\\"B0000000000000000008\\",\\"C8\\",\\"8\\",\\"true\\",\\"1970-01-08 00:00:00\\",\\"1970-01-08\\",\\"0:0:8\\"",
  "\\"A000000009\\",\\"1.8\\",\\"9\\",\\"B0000000000000000009\\",\\"C9\\",\\"9\\",\\"false\\",\\"1970-01-09 00:00:00\\",\\"1970-01-09\\",\\"0:0:9\\"",
  "\\"A000000010\\",\\"1.9\\",\\"10\\",\\"B0000000000000000010\\",\\"C1\\",\\"1\\",\\"true\\",\\"1970-01-10 00:00:00\\",\\"1970-01-10\\",\\"0:0:10\\"",
]
`;
